
 Start  Stop   Length Name               Class

 00000H 02575H 02576H _TEXT              CODE
 02576H 028AAH 00335H TEST_TEXT          CODE
 028ACH 02981H 000D6H OS_CPU_A_TEXT      CODE
 02982H 02B57H 001D6H OS_CPU_C_TEXT      CODE
 02B58H 02ED4H 0037DH PC_TEXT            CODE
 02ED5H 067A7H 038D3H UCOS_II_TEXT       CODE
 067B0H 067B0H 00000H _FARDATA           FAR_DATA
 067B0H 067B0H 00000H _FARBSS            FAR_BSS
 067B0H 067B0H 00000H _OVERLAY_          OVRINFO
 067B0H 067B0H 00000H _1STUB_            STUBSEG
 067B0H 06D7BH 005CCH _DATA              DATA
 06D7CH 06D7DH 00002H _CVTSEG            DATA
 06D7EH 06D83H 00006H _SCNSEG            DATA
 06D84H 06D84H 00000H _CONST             CONST
 06D84H 06D8FH 0000CH _INIT_             INITDATA
 06D90H 06D90H 00000H _INITEND_          INITDATA
 06D90H 06D90H 00000H _EXIT_             EXITDATA
 06D90H 06D90H 00000H _EXITEND_          EXITDATA
 06D90H 08ACDH 01D3EH _BSS               BSS
 08ACEH 08ACEH 00000H _BSSEND            BSSEND
 08AD0H 08B4FH 00080H _STACK             STACK


Detailed map of segments

 0000:0000 0295 C=CODE   S=_TEXT          G=(none)  M=c0.ASM     ACBP=28
 0000:0295 002D C=CODE   S=_TEXT          G=(none)  M=ATEXIT     ACBP=28
 0000:02C2 0093 C=CODE   S=_TEXT          G=(none)  M=EXIT       ACBP=28
 0000:0355 0000 C=CODE   S=_TEXT          G=(none)  M=FILES      ACBP=28
 0000:0355 0000 C=CODE   S=_TEXT          G=(none)  M=FILES2     ACBP=28
 0000:0355 0017 C=CODE   S=_TEXT          G=(none)  M=F_LXMUL    ACBP=28
 0000:036C 0026 C=CODE   S=_TEXT          G=(none)  M=GETDATE    ACBP=28
 0000:0392 00AE C=CODE   S=_TEXT          G=(none)  M=H_LDIV     ACBP=28
 0000:0440 0021 C=CODE   S=_TEXT          G=(none)  M=H_LLSH     ACBP=28
 0000:0461 0021 C=CODE   S=_TEXT          G=(none)  M=H_LURSH    ACBP=28
 0000:0482 0060 C=CODE   S=_TEXT          G=(none)  M=H_PADD     ACBP=28
 0000:04E2 004B C=CODE   S=_TEXT          G=(none)  M=IOERROR    ACBP=28
 0000:052D 0011 C=CODE   S=_TEXT          G=(none)  M=ISATTY     ACBP=28
 0000:053E 00A2 C=CODE   S=_TEXT          G=(none)  M=LONGTOA    ACBP=28
 0000:05E0 0029 C=CODE   S=_TEXT          G=(none)  M=LSEEK      ACBP=28
 0000:0609 0021 C=CODE   S=_TEXT          G=(none)  M=N_PCMP     ACBP=28
 0000:062A 00BA C=CODE   S=_TEXT          G=(none)  M=SETUPIO    ACBP=28
 0000:06E4 0000 C=CODE   S=_TEXT          G=(none)  M=STKLEN     ACBP=28
 0000:06E4 04DB C=CODE   S=_TEXT          G=(none)  M=VPRINTER   ACBP=28
 0000:0BBF 009F C=CODE   S=_TEXT          G=(none)  M=VRAM       ACBP=28
 0000:0C5E 0000 C=CODE   S=_TEXT          G=(none)  M=WSCROLL    ACBP=28
 0000:0C5E 014E C=CODE   S=_TEXT          G=(none)  M=CPRINTF    ACBP=28
 0000:0DAC 01A5 C=CODE   S=_TEXT          G=(none)  M=CRTINIT    ACBP=28
 0000:0F51 001F C=CODE   S=_TEXT          G=(none)  M=CVTFAK     ACBP=28
 0000:0F70 0432 C=CODE   S=_TEXT          G=(none)  M=FARHEAP    ACBP=28
 0000:13A2 0140 C=CODE   S=_TEXT          G=(none)  M=FBRK       ACBP=28
 0000:14E2 005E C=CODE   S=_TEXT          G=(none)  M=GETCH      ACBP=28
 0000:1540 00AC C=CODE   S=_TEXT          G=(none)  M=GPTEXT     ACBP=28
 0000:15EC 0012 C=CODE   S=_TEXT          G=(none)  M=KBHIT      ACBP=28
 0000:15FE 009D C=CODE   S=_TEXT          G=(none)  M=MOVETEXT   ACBP=28
 0000:169B 0017 C=CODE   S=_TEXT          G=(none)  M=PUTCH      ACBP=28
 0000:16B2 0004 C=CODE   S=_TEXT          G=(none)  M=REALCVT    ACBP=28
 0000:16B6 01C7 C=CODE   S=_TEXT          G=(none)  M=SCREEN     ACBP=28
 0000:187D 018E C=CODE   S=_TEXT          G=(none)  M=SCROLL     ACBP=28
 0000:1A0B 001C C=CODE   S=_TEXT          G=(none)  M=SETBLOCK   ACBP=28
 0000:1A27 006A C=CODE   S=_TEXT          G=(none)  M=SETJMP     ACBP=28
 0000:1A91 002C C=CODE   S=_TEXT          G=(none)  M=WHEREXY    ACBP=28
 0000:1ABD 00CD C=CODE   S=_TEXT          G=(none)  M=FFLUSH     ACBP=28
 0000:1B8A 0042 C=CODE   S=_TEXT          G=(none)  M=FLUSHALL   ACBP=28
 0000:1BCC 01E2 C=CODE   S=_TEXT          G=(none)  M=FSEEK      ACBP=28
 0000:1DAE 0024 C=CODE   S=_TEXT          G=(none)  M=MEMCPY     ACBP=28
 0000:1DD2 03C8 C=CODE   S=_TEXT          G=(none)  M=PUTC       ACBP=28
 0000:219A 0058 C=CODE   S=_TEXT          G=(none)  M=PUTS       ACBP=28
 0000:21F2 011D C=CODE   S=_TEXT          G=(none)  M=SETVBUF    ACBP=28
 0000:230F 0083 C=CODE   S=_TEXT          G=(none)  M=SPRINTF    ACBP=28
 0000:2392 001F C=CODE   S=_TEXT          G=(none)  M=STRLEN     ACBP=28
 0000:23B1 0151 C=CODE   S=_TEXT          G=(none)  M=WRITE      ACBP=28
 0000:2502 003C C=CODE   S=_TEXT          G=(none)  M=WRITEA     ACBP=28
 0000:253E 0038 C=CODE   S=_TEXT          G=(none)  M=XFFLUSH    ACBP=28
 0257:0006 0335 C=CODE   S=TEST_TEXT      G=(none)  M=test.c     ACBP=28
 028A:000C 00D6 C=CODE   S=OS_CPU_A_TEXT  G=(none)  M=\SOFTWARE\uCOS-II\Ix86L\BC45\OS_CPU_A.ASM ACBP=48
 0298:0002 01D6 C=CODE   S=OS_CPU_C_TEXT  G=(none)  M=os_cpu_c.c ACBP=28
 02B5:0008 037D C=CODE   S=PC_TEXT        G=(none)  M=pc.c       ACBP=28
 02ED:0005 38D3 C=CODE   S=UCOS_II_TEXT   G=(none)  M=ucos_ii.c  ACBP=28
 067B:0000 0000 C=FAR_DATA S=_FARDATA       G=(none)  M=c0.ASM     ACBP=68
 067B:0000 0000 C=FAR_BSS S=_FARBSS        G=(none)  M=c0.ASM     ACBP=68
 067B:0000 0000 C=OVRINFO S=_OVERLAY_      G=(none)  M=c0.ASM     ACBP=68
 067B:0000 0000 C=STUBSEG S=_1STUB_        G=(none)  M=c0.ASM     ACBP=68
 067B:0000 0093 C=DATA   S=_DATA          G=DGROUP  M=c0.ASM     ACBP=68
 067B:0094 0000 C=DATA   S=_DATA          G=DGROUP  M=test.c     ACBP=48
 067B:0094 0000 C=DATA   S=_DATA          G=DGROUP  M=\SOFTWARE\uCOS-II\Ix86L\BC45\OS_CPU_A.ASM ACBP=48
 067B:0094 0000 C=DATA   S=_DATA          G=DGROUP  M=os_cpu_c.c ACBP=48
 067B:0094 001F C=DATA   S=_DATA          G=DGROUP  M=pc.c       ACBP=48
 067B:00B4 0234 C=DATA   S=_DATA          G=DGROUP  M=ucos_ii.c  ACBP=48
 067B:02E8 0002 C=DATA   S=_DATA          G=DGROUP  M=ATEXIT     ACBP=48
 067B:02EA 000C C=DATA   S=_DATA          G=DGROUP  M=EXIT       ACBP=48
 067B:02F6 0190 C=DATA   S=_DATA          G=DGROUP  M=FILES      ACBP=48
 067B:0486 002A C=DATA   S=_DATA          G=DGROUP  M=FILES2     ACBP=48
 067B:04B0 0000 C=DATA   S=_DATA          G=DGROUP  M=F_LXMUL    ACBP=48
 067B:04B0 0000 C=DATA   S=_DATA          G=DGROUP  M=GETDATE    ACBP=48
 067B:04B0 0000 C=DATA   S=_DATA          G=DGROUP  M=H_LDIV     ACBP=48
 067B:04B0 0000 C=DATA   S=_DATA          G=DGROUP  M=H_LLSH     ACBP=48
 067B:04B0 0000 C=DATA   S=_DATA          G=DGROUP  M=H_LURSH    ACBP=48
 067B:04B0 0000 C=DATA   S=_DATA          G=DGROUP  M=H_PADD     ACBP=48
 067B:04B0 005B C=DATA   S=_DATA          G=DGROUP  M=IOERROR    ACBP=48
 067B:050C 0000 C=DATA   S=_DATA          G=DGROUP  M=ISATTY     ACBP=48
 067B:050C 0000 C=DATA   S=_DATA          G=DGROUP  M=LONGTOA    ACBP=48
 067B:050C 0000 C=DATA   S=_DATA          G=DGROUP  M=LSEEK      ACBP=48
 067B:050C 0000 C=DATA   S=_DATA          G=DGROUP  M=N_PCMP     ACBP=48
 067B:050C 0000 C=DATA   S=_DATA          G=DGROUP  M=SETUPIO    ACBP=48
 067B:050C 0002 C=DATA   S=_DATA          G=DGROUP  M=STKLEN     ACBP=48
 067B:050E 0067 C=DATA   S=_DATA          G=DGROUP  M=VPRINTER   ACBP=48
 067B:0576 0000 C=DATA   S=_DATA          G=DGROUP  M=VRAM       ACBP=48
 067B:0576 0002 C=DATA   S=_DATA          G=DGROUP  M=WSCROLL    ACBP=48
 067B:0578 0000 C=DATA   S=_DATA          G=DGROUP  M=CPRINTF    ACBP=48
 067B:0578 0018 C=DATA   S=_DATA          G=DGROUP  M=CRTINIT    ACBP=48
 067B:0590 0031 C=DATA   S=_DATA          G=DGROUP  M=CVTFAK     ACBP=48
 067B:05C2 0000 C=DATA   S=_DATA          G=DGROUP  M=FARHEAP    ACBP=48
 067B:05C2 0002 C=DATA   S=_DATA          G=DGROUP  M=FBRK       ACBP=48
 067B:05C4 0000 C=DATA   S=_DATA          G=DGROUP  M=GETCH      ACBP=48
 067B:05C4 0000 C=DATA   S=_DATA          G=DGROUP  M=GPTEXT     ACBP=48
 067B:05C4 0002 C=DATA   S=_DATA          G=DGROUP  M=KBHIT      ACBP=48
 067B:05C6 0000 C=DATA   S=_DATA          G=DGROUP  M=MOVETEXT   ACBP=48
 067B:05C6 0000 C=DATA   S=_DATA          G=DGROUP  M=PUTCH      ACBP=48
 067B:05C6 0000 C=DATA   S=_DATA          G=DGROUP  M=REALCVT    ACBP=48
 067B:05C6 0000 C=DATA   S=_DATA          G=DGROUP  M=SCREEN     ACBP=48
 067B:05C6 0000 C=DATA   S=_DATA          G=DGROUP  M=SCROLL     ACBP=48
 067B:05C6 0000 C=DATA   S=_DATA          G=DGROUP  M=SETBLOCK   ACBP=48
 067B:05C6 0000 C=DATA   S=_DATA          G=DGROUP  M=SETJMP     ACBP=48
 067B:05C6 0000 C=DATA   S=_DATA          G=DGROUP  M=WHEREXY    ACBP=48
 067B:05C6 0000 C=DATA   S=_DATA          G=DGROUP  M=FFLUSH     ACBP=48
 067B:05C6 0000 C=DATA   S=_DATA          G=DGROUP  M=FLUSHALL   ACBP=48
 067B:05C6 0000 C=DATA   S=_DATA          G=DGROUP  M=FSEEK      ACBP=48
 067B:05C6 0000 C=DATA   S=_DATA          G=DGROUP  M=MEMCPY     ACBP=48
 067B:05C6 0001 C=DATA   S=_DATA          G=DGROUP  M=PUTC       ACBP=48
 067B:05C8 0000 C=DATA   S=_DATA          G=DGROUP  M=PUTS       ACBP=48
 067B:05C8 0004 C=DATA   S=_DATA          G=DGROUP  M=SETVBUF    ACBP=48
 067B:05CC 0000 C=DATA   S=_DATA          G=DGROUP  M=SPRINTF    ACBP=48
 067B:05CC 0000 C=DATA   S=_DATA          G=DGROUP  M=STRLEN     ACBP=48
 067B:05CC 0000 C=DATA   S=_DATA          G=DGROUP  M=WRITE      ACBP=48
 067B:05CC 0000 C=DATA   S=_DATA          G=DGROUP  M=WRITEA     ACBP=48
 067B:05CC 0000 C=DATA   S=_DATA          G=DGROUP  M=XFFLUSH    ACBP=48
 067B:05CC 0000 C=DATA   S=_CVTSEG        G=DGROUP  M=c0.ASM     ACBP=48
 067B:05CC 0002 C=DATA   S=_CVTSEG        G=DGROUP  M=CVTFAK     ACBP=48
 067B:05CE 0000 C=DATA   S=_CVTSEG        G=DGROUP  M=REALCVT    ACBP=48
 067B:05CE 0000 C=DATA   S=_SCNSEG        G=DGROUP  M=c0.ASM     ACBP=48
 067B:05CE 0006 C=DATA   S=_SCNSEG        G=DGROUP  M=CVTFAK     ACBP=48
 067B:05D4 0000 C=CONST  S=_CONST         G=DGROUP  M=c0.ASM     ACBP=48
 067B:05D4 0000 C=INITDATA S=_INIT_         G=DGROUP  M=c0.ASM     ACBP=48
 067B:05D4 0006 C=INITDATA S=_INIT_         G=DGROUP  M=SETUPIO    ACBP=48
 067B:05DA 0006 C=INITDATA S=_INIT_         G=DGROUP  M=CRTINIT    ACBP=48
 067B:05E0 0000 C=INITDATA S=_INITEND_      G=DGROUP  M=c0.ASM     ACBP=28
 067B:05E0 0000 C=EXITDATA S=_EXIT_         G=DGROUP  M=c0.ASM     ACBP=48
 067B:05E0 0000 C=EXITDATA S=_EXITEND_      G=DGROUP  M=c0.ASM     ACBP=28
 067B:05E0 0000 C=BSS    S=_BSS           G=DGROUP  M=c0.ASM     ACBP=48
 067B:05E0 100F C=BSS    S=_BSS           G=DGROUP  M=test.c     ACBP=48
 067B:15F0 0001 C=BSS    S=_BSS           G=DGROUP  M=os_cpu_c.c ACBP=48
 067B:15F2 001B C=BSS    S=_BSS           G=DGROUP  M=pc.c       ACBP=48
 067B:160E 0C8E C=BSS    S=_BSS           G=DGROUP  M=ucos_ii.c  ACBP=48
 067B:229C 0080 C=BSS    S=_BSS           G=DGROUP  M=ATEXIT     ACBP=48
 067B:231C 0000 C=BSS    S=_BSS           G=DGROUP  M=IOERROR    ACBP=48
 067B:231C 0000 C=BSS    S=_BSS           G=DGROUP  M=ISATTY     ACBP=48
 067B:231C 0000 C=BSS    S=_BSS           G=DGROUP  M=LONGTOA    ACBP=48
 067B:231C 0000 C=BSS    S=_BSS           G=DGROUP  M=LSEEK      ACBP=48
 067B:231C 0000 C=BSS    S=_BSS           G=DGROUP  M=SETUPIO    ACBP=48
 067B:231C 0000 C=BSS    S=_BSS           G=DGROUP  M=VPRINTER   ACBP=48
 067B:231C 0000 C=BSS    S=_BSS           G=DGROUP  M=VRAM       ACBP=48
 067B:231C 0000 C=BSS    S=_BSS           G=DGROUP  M=CRTINIT    ACBP=48
 067B:231C 0000 C=BSS    S=_BSS           G=DGROUP  M=GETCH      ACBP=48
 067B:231C 0000 C=BSS    S=_BSS           G=DGROUP  M=KBHIT      ACBP=48
 067B:231C 0000 C=BSS    S=_BSS           G=DGROUP  M=SETBLOCK   ACBP=48
 067B:231C 0000 C=BSS    S=_BSS           G=DGROUP  M=SETJMP     ACBP=48
 067B:231C 0000 C=BSS    S=_BSS           G=DGROUP  M=MEMCPY     ACBP=48
 067B:231C 0001 C=BSS    S=_BSS           G=DGROUP  M=PUTC       ACBP=48
 067B:231E 0000 C=BSS    S=_BSS           G=DGROUP  M=STRLEN     ACBP=48
 067B:231E 0000 C=BSS    S=_BSS           G=DGROUP  M=WRITEA     ACBP=48
 067B:231E 0000 C=BSSEND S=_BSSEND        G=DGROUP  M=c0.ASM     ACBP=28
 08AD:0000 0080 C=STACK  S=_STACK         G=(none)  M=c0.ASM     ACBP=74

  Address         Publics by Name

 067B:0000 idle  DATASEG@
 0000:0291 idle  DGROUP@
 0000:0395 idle  F_LDIV@
 0000:03A4 idle  F_LMOD@
 0000:039C       F_LUDIV@
 0000:03AC idle  F_LUMOD@
 0000:0443       F_LXLSH@
 0000:0355       F_LXMUL@
 0000:0464       F_LXURSH@
 0000:0485 idle  F_PADD@
 0000:04B4 idle  F_PSUB@
 0000:0395 idle  LDIV@
 0000:03A4 idle  LMOD@
 0000:039C idle  LUDIV@
 0000:03AC idle  LUMOD@
 0000:0443 idle  LXLSH@
 0000:0355 idle  LXMUL@
 0000:0464 idle  LXURSH@
 0000:0392 idle  N_LDIV@
 0000:03A1 idle  N_LMOD@
 0000:0399 idle  N_LUDIV@
 0000:03A9 idle  N_LUMOD@
 0000:0440       N_LXLSH@
 0000:0461 idle  N_LXURSH@
 0000:0482       N_PADD@
 0000:0609       N_PCMP@
 0000:04B1 idle  N_PSUB@
 0000:0485 idle  PADD@
 0000:04B4 idle  PSUB@
 0000:027A       _abort
 0000:0295 idle  _atexit
 0000:0D90 idle  _cprintf
 067B:0587       _directvideo
 067B:007F       _errno
 0000:031A       _exit
 0000:10B0 idle  _farfree
 0000:11C4 idle  _farmalloc
 0000:1328 idle  _farrealloc
 0000:1ABD       _fflush
 0000:1B8A       _flushall
 0000:1DEE       _fputc
 0000:1F83 idle  _fputchar
 0000:10B0       _free
 0000:1C4E       _fseek
 0000:1CCE idle  _ftell
 0000:14E2       _getch
 0000:14FE idle  _getche
 0000:036C       _getdate
 0000:1540       _gettext
 0000:037F       _gettime
 0000:052D       _isatty
 0000:15EC       _kbhit
 0000:1A5D       _longjmp
 0000:05E0       _lseek
 0257:0006       _main
 0000:11BA       _malloc
 0000:1DAE       _memcpy
 0000:15FE       _movetext
 067B:2208 idle  _OSCPUUsage
 028A:002A       _OSCtxSw
 067B:2298       _OSCtxSwCtr
 067B:2294 idle  _OSEventFreeList
 067B:2230 idle  _OSEventTbl
 02ED:0927 idle  _OSFlagAccept
 02ED:0A59 idle  _OSFlagCreate
 02ED:0AD1 idle  _OSFlagDel
 067B:2209 idle  _OSFlagFreeList
 02ED:0C13 idle  _OSFlagPend
 02ED:0E6D idle  _OSFlagPost
 02ED:100D idle  _OSFlagQuery
 067B:220D idle  _OSFlagTbl
 067B:1DF1 idle  _OSIdleCtr
 067B:2204 idle  _OSIdleCtrMax
 067B:2200 idle  _OSIdleCtrRun
 02ED:0005       _OSInit
 0298:0002       _OSInitHookBegin
 0298:0003       _OSInitHookEnd
 028A:0065       _OSIntCtxSw
 02ED:003D idle  _OSIntEnter
 02ED:0050       _OSIntExit
 067B:1DFD idle  _OSIntExitY
 067B:1DFE       _OSIntNesting
 067B:1DFC idle  _OSLockNesting
 067B:00B4 idle  _OSMapTbl
 02ED:129D idle  _OSMboxAccept
 02ED:12E8 idle  _OSMboxCreate
 02ED:135D idle  _OSMboxDel
 02ED:147B idle  _OSMboxPend
 02ED:157D idle  _OSMboxPost
 02ED:15F5 idle  _OSMboxPostOpt
 02ED:1698 idle  _OSMboxQuery
 02ED:1726 idle  _OSMemCreate
 067B:16AA idle  _OSMemFreeList
 02ED:1871 idle  _OSMemGet
 02ED:18EF idle  _OSMemPut
 02ED:195F idle  _OSMemQuery
 067B:1646 idle  _OSMemTbl
 02ED:1AAC idle  _OSMutexAccept
 02ED:1B37       _OSMutexCreate
 02ED:1C1D idle  _OSMutexDel
 02ED:1D77       _OSMutexPend
 02ED:1F9D       _OSMutexPost
 02ED:21DE idle  _OSMutexQuery
 067B:1DFB       _OSPrioCur
 067B:1DFA       _OSPrioHighRdy
 02ED:2293 idle  _OSQAccept
 02ED:2333 idle  _OSQCreate
 02ED:2456 idle  _OSQDel
 02ED:25D3 idle  _OSQFlush
 067B:1642 idle  _OSQFreeList
 02ED:262B idle  _OSQPend
 02ED:2771 idle  _OSQPost
 02ED:2839 idle  _OSQPostFront
 02ED:28FB idle  _OSQPostOpt
 02ED:2A39 idle  _OSQQuery
 067B:1612 idle  _OSQTbl
 067B:1DF9 idle  _OSRdyGrp
 067B:1DF7 idle  _OSRdyTbl
 067B:1DF6       _OSRunning
 02ED:00CB idle  _OSSchedLock
 02ED:00E1 idle  _OSSchedUnlock
 02ED:2B5E idle  _OSSemAccept
 02ED:2B90       _OSSemCreate
 02ED:2C04 idle  _OSSemDel
 02ED:2D22 idle  _OSSemPend
 02ED:2DD2 idle  _OSSemPost
 02ED:2E2C idle  _OSSemQuery
 02ED:010E       _OSStart
 028A:000C       _OSStartHighRdy
 02ED:0179       _OSStatInit
 067B:21FF idle  _OSStatRdy
 02ED:2EB2 idle  _OSTaskChangePrio
 02ED:307E       _OSTaskCreate
 02ED:313B idle  _OSTaskCreateExt
 0298:0004       _OSTaskCreateHook
 067B:1DF5 idle  _OSTaskCtr
 02ED:322B       _OSTaskDel
 0298:0009       _OSTaskDelHook
 02ED:340A idle  _OSTaskDelReq
 0298:000E       _OSTaskIdleHook
 067B:19F1 idle  _OSTaskIdleStk
 02ED:3688 idle  _OSTaskQuery
 02ED:3476 idle  _OSTaskResume
 0298:000F       _OSTaskStatHook
 067B:1DFF idle  _OSTaskStatStk
 02ED:34F5 idle  _OSTaskStkChk
 0298:0010       _OSTaskStkInit
 0298:00F6 idle  _OSTaskStkInit_FPE_x86
 02ED:35DA idle  _OSTaskSuspend
 0298:01D1       _OSTaskSwHook
 067B:19ED       _OSTCBCur
 067B:19E9 idle  _OSTCBFreeList
 067B:19E5       _OSTCBHighRdy
 0298:01D2       _OSTCBInitHook
 067B:19E1 idle  _OSTCBList
 067B:19AD idle  _OSTCBPrioTbl
 067B:16AE idle  _OSTCBTbl
 067B:15F0       _OSTickDOSCtr
 028A:0092       _OSTickISR
 067B:160E idle  _OSTime
 02ED:36F6       _OSTimeDly
 02ED:373D       _OSTimeDlyHMSM
 02ED:382C idle  _OSTimeDlyResume
 02ED:38A4 idle  _OSTimeGet
 02ED:38C3 idle  _OSTimeSet
 02ED:01B4       _OSTimeTick
 0298:01D7       _OSTimeTickHook
 067B:00BC idle  _OSUnMapTbl
 02ED:0250 idle  _OSVersion
 02ED:0254 idle  _OS_Dummy
 02ED:0255 idle  _OS_EventTaskRdy
 02ED:031F idle  _OS_EventTaskWait
 02ED:038C idle  _OS_EventTO
 02ED:03E0 idle  _OS_EventWaitListInit
 02ED:112F idle  _OS_FlagInit
 02ED:11EE idle  _OS_FlagUnlink
 02ED:1A08 idle  _OS_MemInit
 02ED:2B0E idle  _OS_QInit
 02ED:05DA idle  _OS_Sched
 02ED:06A3 idle  _OS_TaskIdle
 02ED:06C8 idle  _OS_TaskStat
 02ED:0794 idle  _OS_TCBInit
 02B5:0008 idle  _PC_DispChar
 02B5:0046 idle  _PC_DispClrCol
 02B5:008C idle  _PC_DispClrRow
 02B5:00C5       _PC_DispClrScr
 02B5:00F6 idle  _PC_DispStr
 02B5:0145       _PC_DOSReturn
 02B5:0159       _PC_DOSSaveReturn
 02B5:01C7 idle  _PC_ElapsedInit
 02B5:01DB idle  _PC_ElapsedStart
 02B5:0201 idle  _PC_ElapsedStop
 02B5:0252 idle  _PC_GetDateTime
 02B5:02A5       _PC_GetKey
 02B5:02CC       _PC_SetTickRate
 067B:15F2 idle  _PC_TickISR
 02B5:0319 idle  _PC_VectGet
 02B5:0350       _PC_VectSet
 0000:169B       _putch
 0000:219A       _puts
 0000:1596       _puttext
 067B:05E4 idle  _R1
 067B:05E0 idle  _R2
 067B:05E8 idle  _RandomSem
 0000:1321 idle  _realloc
 0000:1A0B       _setblock
 0000:1A27       _setjmp
 0000:21F2       _setvbuf
 0000:234F       _sprintf
 0000:2392       _strlen
 0257:014C idle  _Task1
 0257:0223 idle  _Task2
 0257:02AF idle  _Task3
 067B:05EC idle  _TaskData
 0257:008D idle  _TaskStart
 067B:05EF idle  _TaskStartStk
 067B:09EF idle  _TaskStk
 0000:1522 idle  _ungetch
 0000:2371 idle  _vsprintf
 0000:1A9B idle  _wherex
 0000:1AAA idle  _wherey
 0000:1000 idle  __AHINCR
 0000:000C idle  __AHSHIFT
 067B:02E8       __atexitcnt
 067B:229C       __atexittbl
 0000:1418       __brk
 067B:008B       __brklvl
 067B:006B idle  __C0argc
 067B:006D idle  __C0argv
 0000:0E72 idle  __c0crtinit
 067B:0071 idle  __C0environ
 067B:05C5       __cChar
 0000:033B idle  __cexit
 067B:05C4       __cFlag
 0000:016A       __checknull
 0000:0157       __cleanup
 0000:0C5E       __CPUTN
 0000:0E8F idle  __crtinit
 0000:0000  Abs  __cvtfak
 0000:0349 idle  __c_exit
 067B:04B0 idle  __doserrno
 0000:051B idle  __DOSERROR
 067B:04B2 idle  __dosErrorToSV
 067B:0075 idle  __envLng
 067B:0077 idle  __envseg
 067B:0079 idle  __envSize
 0000:0329       __exit
 067B:02EA       __exitbuf
 067B:02EE idle  __exitfopen
 067B:02F2 idle  __exitopen
 0000:1DD2 idle  __fputc
 0000:1F97       __FPUTN
 067B:0087       __heapbase
 067B:008F       __heaptop
 067B:005B idle  __Int0Vector
 067B:005F idle  __Int4Vector
 067B:0063 idle  __Int5Vector
 067B:0067 idle  __Int6Vector
 0000:04E2       __IOERROR
 0000:053E       __LONGTOA
 0000:0293 idle  __MMODEL
 067B:0486       __nfile
 0000:14FB idle  __Ngetche
 0000:151F idle  __Nungetch
 067B:0488       __openfd
 067B:007D idle  __osmajor
 067B:007E idle  __osminor
 067B:007D idle  __osversion
 067B:007B       __psp
 0000:16B2       __REALCVT
 067B:05CC       __RealCvtVector
 0000:01C0       __restorezero
 0000:1457       __sbrk
 067B:05CE idle  __ScanTodVector
 0000:17EC       __SCREENIO
 0000:189F       __SCROLL
 0000:062A       __setupio
 067B:0081 idle  __StartTime
 067B:050C       __stklen
 067B:02F6       __streams
 0000:016B       __terminate
 0000:0000 idle  __turboCrt
 0000:05C0 idle  __UTOA
 0000:1828       __VALIDATEXY
 067B:007D idle  __version
 067B:0578       __video
 0000:0DE7       __VideoInt
 0000:06FC       __VPRINTER
 0000:0BBF       __VPTR
 0000:0BE4       __VRAM
 0000:1A91       __wherexy
 0000:2502       __write
 067B:0576       __wscroll
 0000:253E       __xfflush
 067B:0085 idle  ___brklvl
 0000:0F70 idle  ___first
 0000:0F72 idle  ___last
 0000:0F74 idle  ___rover
 0000:23B1       ___write

  Address         Publics by Value

 0000:0000 idle  __turboCrt
 0000:0000  Abs  __cvtfak
 0000:000C idle  __AHSHIFT
 0000:0157       __cleanup
 0000:016A       __checknull
 0000:016B       __terminate
 0000:01C0       __restorezero
 0000:027A       _abort
 0000:0291 idle  DGROUP@
 0000:0293 idle  __MMODEL
 0000:0295 idle  _atexit
 0000:031A       _exit
 0000:0329       __exit
 0000:033B idle  __cexit
 0000:0349 idle  __c_exit
 0000:0355       F_LXMUL@
 0000:0355 idle  LXMUL@
 0000:036C       _getdate
 0000:037F       _gettime
 0000:0392 idle  N_LDIV@
 0000:0395 idle  LDIV@
 0000:0395 idle  F_LDIV@
 0000:0399 idle  N_LUDIV@
 0000:039C       F_LUDIV@
 0000:039C idle  LUDIV@
 0000:03A1 idle  N_LMOD@
 0000:03A4 idle  F_LMOD@
 0000:03A4 idle  LMOD@
 0000:03A9 idle  N_LUMOD@
 0000:03AC idle  LUMOD@
 0000:03AC idle  F_LUMOD@
 0000:0440       N_LXLSH@
 0000:0443       F_LXLSH@
 0000:0443 idle  LXLSH@
 0000:0461 idle  N_LXURSH@
 0000:0464       F_LXURSH@
 0000:0464 idle  LXURSH@
 0000:0482       N_PADD@
 0000:0485 idle  F_PADD@
 0000:0485 idle  PADD@
 0000:04B1 idle  N_PSUB@
 0000:04B4 idle  F_PSUB@
 0000:04B4 idle  PSUB@
 0000:04E2       __IOERROR
 0000:051B idle  __DOSERROR
 0000:052D       _isatty
 0000:053E       __LONGTOA
 0000:05C0 idle  __UTOA
 0000:05E0       _lseek
 0000:0609       N_PCMP@
 0000:062A       __setupio
 0000:06FC       __VPRINTER
 0000:0BBF       __VPTR
 0000:0BE4       __VRAM
 0000:0C5E       __CPUTN
 0000:0D90 idle  _cprintf
 0000:0DE7       __VideoInt
 0000:0E72 idle  __c0crtinit
 0000:0E8F idle  __crtinit
 0000:0F70 idle  ___first
 0000:0F72 idle  ___last
 0000:0F74 idle  ___rover
 0000:1000 idle  __AHINCR
 0000:10B0       _free
 0000:10B0 idle  _farfree
 0000:11BA       _malloc
 0000:11C4 idle  _farmalloc
 0000:1321 idle  _realloc
 0000:1328 idle  _farrealloc
 0000:1418       __brk
 0000:1457       __sbrk
 0000:14E2       _getch
 0000:14FB idle  __Ngetche
 0000:14FE idle  _getche
 0000:151F idle  __Nungetch
 0000:1522 idle  _ungetch
 0000:1540       _gettext
 0000:1596       _puttext
 0000:15EC       _kbhit
 0000:15FE       _movetext
 0000:169B       _putch
 0000:16B2       __REALCVT
 0000:17EC       __SCREENIO
 0000:1828       __VALIDATEXY
 0000:189F       __SCROLL
 0000:1A0B       _setblock
 0000:1A27       _setjmp
 0000:1A5D       _longjmp
 0000:1A91       __wherexy
 0000:1A9B idle  _wherex
 0000:1AAA idle  _wherey
 0000:1ABD       _fflush
 0000:1B8A       _flushall
 0000:1C4E       _fseek
 0000:1CCE idle  _ftell
 0000:1DAE       _memcpy
 0000:1DD2 idle  __fputc
 0000:1DEE       _fputc
 0000:1F83 idle  _fputchar
 0000:1F97       __FPUTN
 0000:219A       _puts
 0000:21F2       _setvbuf
 0000:234F       _sprintf
 0000:2371 idle  _vsprintf
 0000:2392       _strlen
 0000:23B1       ___write
 0000:2502       __write
 0000:253E       __xfflush
 0257:0006       _main
 0257:008D idle  _TaskStart
 0257:014C idle  _Task1
 0257:0223 idle  _Task2
 0257:02AF idle  _Task3
 028A:000C       _OSStartHighRdy
 028A:002A       _OSCtxSw
 028A:0065       _OSIntCtxSw
 028A:0092       _OSTickISR
 0298:0002       _OSInitHookBegin
 0298:0003       _OSInitHookEnd
 0298:0004       _OSTaskCreateHook
 0298:0009       _OSTaskDelHook
 0298:000E       _OSTaskIdleHook
 0298:000F       _OSTaskStatHook
 0298:0010       _OSTaskStkInit
 0298:00F6 idle  _OSTaskStkInit_FPE_x86
 0298:01D1       _OSTaskSwHook
 0298:01D2       _OSTCBInitHook
 0298:01D7       _OSTimeTickHook
 02B5:0008 idle  _PC_DispChar
 02B5:0046 idle  _PC_DispClrCol
 02B5:008C idle  _PC_DispClrRow
 02B5:00C5       _PC_DispClrScr
 02B5:00F6 idle  _PC_DispStr
 02B5:0145       _PC_DOSReturn
 02B5:0159       _PC_DOSSaveReturn
 02B5:01C7 idle  _PC_ElapsedInit
 02B5:01DB idle  _PC_ElapsedStart
 02B5:0201 idle  _PC_ElapsedStop
 02B5:0252 idle  _PC_GetDateTime
 02B5:02A5       _PC_GetKey
 02B5:02CC       _PC_SetTickRate
 02B5:0319 idle  _PC_VectGet
 02B5:0350       _PC_VectSet
 02ED:0005       _OSInit
 02ED:003D idle  _OSIntEnter
 02ED:0050       _OSIntExit
 02ED:00CB idle  _OSSchedLock
 02ED:00E1 idle  _OSSchedUnlock
 02ED:010E       _OSStart
 02ED:0179       _OSStatInit
 02ED:01B4       _OSTimeTick
 02ED:0250 idle  _OSVersion
 02ED:0254 idle  _OS_Dummy
 02ED:0255 idle  _OS_EventTaskRdy
 02ED:031F idle  _OS_EventTaskWait
 02ED:038C idle  _OS_EventTO
 02ED:03E0 idle  _OS_EventWaitListInit
 02ED:05DA idle  _OS_Sched
 02ED:06A3 idle  _OS_TaskIdle
 02ED:06C8 idle  _OS_TaskStat
 02ED:0794 idle  _OS_TCBInit
 02ED:0927 idle  _OSFlagAccept
 02ED:0A59 idle  _OSFlagCreate
 02ED:0AD1 idle  _OSFlagDel
 02ED:0C13 idle  _OSFlagPend
 02ED:0E6D idle  _OSFlagPost
 02ED:100D idle  _OSFlagQuery
 02ED:112F idle  _OS_FlagInit
 02ED:11EE idle  _OS_FlagUnlink
 02ED:129D idle  _OSMboxAccept
 02ED:12E8 idle  _OSMboxCreate
 02ED:135D idle  _OSMboxDel
 02ED:147B idle  _OSMboxPend
 02ED:157D idle  _OSMboxPost
 02ED:15F5 idle  _OSMboxPostOpt
 02ED:1698 idle  _OSMboxQuery
 02ED:1726 idle  _OSMemCreate
 02ED:1871 idle  _OSMemGet
 02ED:18EF idle  _OSMemPut
 02ED:195F idle  _OSMemQuery
 02ED:1A08 idle  _OS_MemInit
 02ED:1AAC idle  _OSMutexAccept
 02ED:1B37       _OSMutexCreate
 02ED:1C1D idle  _OSMutexDel
 02ED:1D77       _OSMutexPend
 02ED:1F9D       _OSMutexPost
 02ED:21DE idle  _OSMutexQuery
 02ED:2293 idle  _OSQAccept
 02ED:2333 idle  _OSQCreate
 02ED:2456 idle  _OSQDel
 02ED:25D3 idle  _OSQFlush
 02ED:262B idle  _OSQPend
 02ED:2771 idle  _OSQPost
 02ED:2839 idle  _OSQPostFront
 02ED:28FB idle  _OSQPostOpt
 02ED:2A39 idle  _OSQQuery
 02ED:2B0E idle  _OS_QInit
 02ED:2B5E idle  _OSSemAccept
 02ED:2B90       _OSSemCreate
 02ED:2C04 idle  _OSSemDel
 02ED:2D22 idle  _OSSemPend
 02ED:2DD2 idle  _OSSemPost
 02ED:2E2C idle  _OSSemQuery
 02ED:2EB2 idle  _OSTaskChangePrio
 02ED:307E       _OSTaskCreate
 02ED:313B idle  _OSTaskCreateExt
 02ED:322B       _OSTaskDel
 02ED:340A idle  _OSTaskDelReq
 02ED:3476 idle  _OSTaskResume
 02ED:34F5 idle  _OSTaskStkChk
 02ED:35DA idle  _OSTaskSuspend
 02ED:3688 idle  _OSTaskQuery
 02ED:36F6       _OSTimeDly
 02ED:373D       _OSTimeDlyHMSM
 02ED:382C idle  _OSTimeDlyResume
 02ED:38A4 idle  _OSTimeGet
 02ED:38C3 idle  _OSTimeSet
 067B:0000 idle  DATASEG@
 067B:005B idle  __Int0Vector
 067B:005F idle  __Int4Vector
 067B:0063 idle  __Int5Vector
 067B:0067 idle  __Int6Vector
 067B:006B idle  __C0argc
 067B:006D idle  __C0argv
 067B:0071 idle  __C0environ
 067B:0075 idle  __envLng
 067B:0077 idle  __envseg
 067B:0079 idle  __envSize
 067B:007B       __psp
 067B:007D idle  __osversion
 067B:007D idle  __osmajor
 067B:007D idle  __version
 067B:007E idle  __osminor
 067B:007F       _errno
 067B:0081 idle  __StartTime
 067B:0085 idle  ___brklvl
 067B:0087       __heapbase
 067B:008B       __brklvl
 067B:008F       __heaptop
 067B:00B4 idle  _OSMapTbl
 067B:00BC idle  _OSUnMapTbl
 067B:02E8       __atexitcnt
 067B:02EA       __exitbuf
 067B:02EE idle  __exitfopen
 067B:02F2 idle  __exitopen
 067B:02F6       __streams
 067B:0486       __nfile
 067B:0488       __openfd
 067B:04B0 idle  __doserrno
 067B:04B2 idle  __dosErrorToSV
 067B:050C       __stklen
 067B:0576       __wscroll
 067B:0578       __video
 067B:0587       _directvideo
 067B:05C4       __cFlag
 067B:05C5       __cChar
 067B:05CC       __RealCvtVector
 067B:05CE idle  __ScanTodVector
 067B:05E0 idle  _R2
 067B:05E4 idle  _R1
 067B:05E8 idle  _RandomSem
 067B:05EC idle  _TaskData
 067B:05EF idle  _TaskStartStk
 067B:09EF idle  _TaskStk
 067B:15F0       _OSTickDOSCtr
 067B:15F2 idle  _PC_TickISR
 067B:160E idle  _OSTime
 067B:1612 idle  _OSQTbl
 067B:1642 idle  _OSQFreeList
 067B:1646 idle  _OSMemTbl
 067B:16AA idle  _OSMemFreeList
 067B:16AE idle  _OSTCBTbl
 067B:19AD idle  _OSTCBPrioTbl
 067B:19E1 idle  _OSTCBList
 067B:19E5       _OSTCBHighRdy
 067B:19E9 idle  _OSTCBFreeList
 067B:19ED       _OSTCBCur
 067B:19F1 idle  _OSTaskIdleStk
 067B:1DF1 idle  _OSIdleCtr
 067B:1DF5 idle  _OSTaskCtr
 067B:1DF6       _OSRunning
 067B:1DF7 idle  _OSRdyTbl
 067B:1DF9 idle  _OSRdyGrp
 067B:1DFA       _OSPrioHighRdy
 067B:1DFB       _OSPrioCur
 067B:1DFC idle  _OSLockNesting
 067B:1DFD idle  _OSIntExitY
 067B:1DFE       _OSIntNesting
 067B:1DFF idle  _OSTaskStatStk
 067B:21FF idle  _OSStatRdy
 067B:2200 idle  _OSIdleCtrRun
 067B:2204 idle  _OSIdleCtrMax
 067B:2208 idle  _OSCPUUsage
 067B:2209 idle  _OSFlagFreeList
 067B:220D idle  _OSFlagTbl
 067B:2230 idle  _OSEventTbl
 067B:2294 idle  _OSEventFreeList
 067B:2298       _OSCtxSwCtr
 067B:229C       __atexittbl

Program entry point at 0000:0000

