
 Start  Stop   Length Name               Class

 00000H 02519H 0251AH _TEXT              CODE
 0251AH 02781H 00268H TEST_TEXT          CODE
 02782H 02857H 000D6H OS_CPU_A_TEXT      CODE
 02858H 02A2DH 001D6H OS_CPU_C_TEXT      CODE
 02A2EH 02DAAH 0037DH PC_TEXT            CODE
 02DABH 06611H 03867H UCOS_II_TEXT       CODE
 06620H 06620H 00000H _FARDATA           FAR_DATA
 06620H 06620H 00000H _FARBSS            FAR_BSS
 06620H 06620H 00000H _OVERLAY_          OVRINFO
 06620H 06620H 00000H _1STUB_            STUBSEG
 06620H 06B4BH 0052CH _DATA              DATA
 06B4CH 06B4DH 00002H _CVTSEG            DATA
 06B4EH 06B53H 00006H _SCNSEG            DATA
 06B54H 06B54H 00000H _CONST             CONST
 06B54H 06B5FH 0000CH _INIT_             INITDATA
 06B60H 06B60H 00000H _INITEND_          INITDATA
 06B60H 06B60H 00000H _EXIT_             EXITDATA
 06B60H 06B60H 00000H _EXITEND_          EXITDATA
 06B60H 08429H 018CAH _BSS               BSS
 0842AH 0842AH 00000H _BSSEND            BSSEND
 08430H 084AFH 00080H _STACK             STACK


Detailed map of segments

 0000:0000 0295 C=CODE   S=_TEXT          G=(none)  M=c0.ASM     ACBP=28
 0000:0295 002D C=CODE   S=_TEXT          G=(none)  M=ATEXIT     ACBP=28
 0000:02C2 0093 C=CODE   S=_TEXT          G=(none)  M=EXIT       ACBP=28
 0000:0355 0000 C=CODE   S=_TEXT          G=(none)  M=FILES      ACBP=28
 0000:0355 0000 C=CODE   S=_TEXT          G=(none)  M=FILES2     ACBP=28
 0000:0355 0017 C=CODE   S=_TEXT          G=(none)  M=F_LXMUL    ACBP=28
 0000:036C 0026 C=CODE   S=_TEXT          G=(none)  M=GETDATE    ACBP=28
 0000:0392 00AE C=CODE   S=_TEXT          G=(none)  M=H_LDIV     ACBP=28
 0000:0440 0021 C=CODE   S=_TEXT          G=(none)  M=H_LLSH     ACBP=28
 0000:0461 0021 C=CODE   S=_TEXT          G=(none)  M=H_LURSH    ACBP=28
 0000:0482 0060 C=CODE   S=_TEXT          G=(none)  M=H_PADD     ACBP=28
 0000:04E2 004B C=CODE   S=_TEXT          G=(none)  M=IOERROR    ACBP=28
 0000:052D 0011 C=CODE   S=_TEXT          G=(none)  M=ISATTY     ACBP=28
 0000:053E 00A2 C=CODE   S=_TEXT          G=(none)  M=LONGTOA    ACBP=28
 0000:05E0 0029 C=CODE   S=_TEXT          G=(none)  M=LSEEK      ACBP=28
 0000:0609 0021 C=CODE   S=_TEXT          G=(none)  M=N_PCMP     ACBP=28
 0000:062A 00BA C=CODE   S=_TEXT          G=(none)  M=SETUPIO    ACBP=28
 0000:06E4 0000 C=CODE   S=_TEXT          G=(none)  M=STKLEN     ACBP=28
 0000:06E4 04DB C=CODE   S=_TEXT          G=(none)  M=VPRINTER   ACBP=28
 0000:0BBF 009F C=CODE   S=_TEXT          G=(none)  M=VRAM       ACBP=28
 0000:0C5E 0000 C=CODE   S=_TEXT          G=(none)  M=WSCROLL    ACBP=28
 0000:0C5E 014E C=CODE   S=_TEXT          G=(none)  M=CPRINTF    ACBP=28
 0000:0DAC 01A5 C=CODE   S=_TEXT          G=(none)  M=CRTINIT    ACBP=28
 0000:0F51 001F C=CODE   S=_TEXT          G=(none)  M=CVTFAK     ACBP=28
 0000:0F70 0432 C=CODE   S=_TEXT          G=(none)  M=FARHEAP    ACBP=28
 0000:13A2 0140 C=CODE   S=_TEXT          G=(none)  M=FBRK       ACBP=28
 0000:14E2 005E C=CODE   S=_TEXT          G=(none)  M=GETCH      ACBP=28
 0000:1540 00AC C=CODE   S=_TEXT          G=(none)  M=GPTEXT     ACBP=28
 0000:15EC 0012 C=CODE   S=_TEXT          G=(none)  M=KBHIT      ACBP=28
 0000:15FE 009D C=CODE   S=_TEXT          G=(none)  M=MOVETEXT   ACBP=28
 0000:169B 0017 C=CODE   S=_TEXT          G=(none)  M=PUTCH      ACBP=28
 0000:16B2 0004 C=CODE   S=_TEXT          G=(none)  M=REALCVT    ACBP=28
 0000:16B6 01C7 C=CODE   S=_TEXT          G=(none)  M=SCREEN     ACBP=28
 0000:187D 018E C=CODE   S=_TEXT          G=(none)  M=SCROLL     ACBP=28
 0000:1A0B 001C C=CODE   S=_TEXT          G=(none)  M=SETBLOCK   ACBP=28
 0000:1A27 006A C=CODE   S=_TEXT          G=(none)  M=SETJMP     ACBP=28
 0000:1A91 002C C=CODE   S=_TEXT          G=(none)  M=WHEREXY    ACBP=28
 0000:1ABD 00CD C=CODE   S=_TEXT          G=(none)  M=FFLUSH     ACBP=28
 0000:1B8A 0042 C=CODE   S=_TEXT          G=(none)  M=FLUSHALL   ACBP=28
 0000:1BCC 01E2 C=CODE   S=_TEXT          G=(none)  M=FSEEK      ACBP=28
 0000:1DAE 0024 C=CODE   S=_TEXT          G=(none)  M=MEMCPY     ACBP=28
 0000:1DD2 001B C=CODE   S=_TEXT          G=(none)  M=PRINTF     ACBP=28
 0000:1DED 03C8 C=CODE   S=_TEXT          G=(none)  M=PUTC       ACBP=28
 0000:21B5 011D C=CODE   S=_TEXT          G=(none)  M=SETVBUF    ACBP=28
 0000:22D2 0083 C=CODE   S=_TEXT          G=(none)  M=SPRINTF    ACBP=28
 0000:2355 0151 C=CODE   S=_TEXT          G=(none)  M=WRITE      ACBP=28
 0000:24A6 003C C=CODE   S=_TEXT          G=(none)  M=WRITEA     ACBP=28
 0000:24E2 0038 C=CODE   S=_TEXT          G=(none)  M=XFFLUSH    ACBP=28
 0251:000A 0268 C=CODE   S=TEST_TEXT      G=(none)  M=test.c     ACBP=28
 0278:0002 00D6 C=CODE   S=OS_CPU_A_TEXT  G=(none)  M=\SOFTWARE\uCOS-II\Ix86L\BC45\OS_CPU_A.ASM ACBP=48
 0285:0008 01D6 C=CODE   S=OS_CPU_C_TEXT  G=(none)  M=os_cpu_c.c ACBP=28
 02A2:000E 037D C=CODE   S=PC_TEXT        G=(none)  M=pc.c       ACBP=28
 02DA:000B 3867 C=CODE   S=UCOS_II_TEXT   G=(none)  M=ucos_ii.c  ACBP=28
 0662:0000 0000 C=FAR_DATA S=_FARDATA       G=(none)  M=c0.ASM     ACBP=68
 0662:0000 0000 C=FAR_BSS S=_FARBSS        G=(none)  M=c0.ASM     ACBP=68
 0662:0000 0000 C=OVRINFO S=_OVERLAY_      G=(none)  M=c0.ASM     ACBP=68
 0662:0000 0000 C=STUBSEG S=_1STUB_        G=(none)  M=c0.ASM     ACBP=68
 0662:0000 0093 C=DATA   S=_DATA          G=DGROUP  M=c0.ASM     ACBP=68
 0662:0094 002F C=DATA   S=_DATA          G=DGROUP  M=test.c     ACBP=48
 0662:00C4 0000 C=DATA   S=_DATA          G=DGROUP  M=\SOFTWARE\uCOS-II\Ix86L\BC45\OS_CPU_A.ASM ACBP=48
 0662:00C4 0000 C=DATA   S=_DATA          G=DGROUP  M=os_cpu_c.c ACBP=48
 0662:00C4 001F C=DATA   S=_DATA          G=DGROUP  M=pc.c       ACBP=48
 0662:00E4 0164 C=DATA   S=_DATA          G=DGROUP  M=ucos_ii.c  ACBP=48
 0662:0248 0002 C=DATA   S=_DATA          G=DGROUP  M=ATEXIT     ACBP=48
 0662:024A 000C C=DATA   S=_DATA          G=DGROUP  M=EXIT       ACBP=48
 0662:0256 0190 C=DATA   S=_DATA          G=DGROUP  M=FILES      ACBP=48
 0662:03E6 002A C=DATA   S=_DATA          G=DGROUP  M=FILES2     ACBP=48
 0662:0410 0000 C=DATA   S=_DATA          G=DGROUP  M=F_LXMUL    ACBP=48
 0662:0410 0000 C=DATA   S=_DATA          G=DGROUP  M=GETDATE    ACBP=48
 0662:0410 0000 C=DATA   S=_DATA          G=DGROUP  M=H_LDIV     ACBP=48
 0662:0410 0000 C=DATA   S=_DATA          G=DGROUP  M=H_LLSH     ACBP=48
 0662:0410 0000 C=DATA   S=_DATA          G=DGROUP  M=H_LURSH    ACBP=48
 0662:0410 0000 C=DATA   S=_DATA          G=DGROUP  M=H_PADD     ACBP=48
 0662:0410 005B C=DATA   S=_DATA          G=DGROUP  M=IOERROR    ACBP=48
 0662:046C 0000 C=DATA   S=_DATA          G=DGROUP  M=ISATTY     ACBP=48
 0662:046C 0000 C=DATA   S=_DATA          G=DGROUP  M=LONGTOA    ACBP=48
 0662:046C 0000 C=DATA   S=_DATA          G=DGROUP  M=LSEEK      ACBP=48
 0662:046C 0000 C=DATA   S=_DATA          G=DGROUP  M=N_PCMP     ACBP=48
 0662:046C 0000 C=DATA   S=_DATA          G=DGROUP  M=SETUPIO    ACBP=48
 0662:046C 0002 C=DATA   S=_DATA          G=DGROUP  M=STKLEN     ACBP=48
 0662:046E 0067 C=DATA   S=_DATA          G=DGROUP  M=VPRINTER   ACBP=48
 0662:04D6 0000 C=DATA   S=_DATA          G=DGROUP  M=VRAM       ACBP=48
 0662:04D6 0002 C=DATA   S=_DATA          G=DGROUP  M=WSCROLL    ACBP=48
 0662:04D8 0000 C=DATA   S=_DATA          G=DGROUP  M=CPRINTF    ACBP=48
 0662:04D8 0018 C=DATA   S=_DATA          G=DGROUP  M=CRTINIT    ACBP=48
 0662:04F0 0031 C=DATA   S=_DATA          G=DGROUP  M=CVTFAK     ACBP=48
 0662:0522 0000 C=DATA   S=_DATA          G=DGROUP  M=FARHEAP    ACBP=48
 0662:0522 0002 C=DATA   S=_DATA          G=DGROUP  M=FBRK       ACBP=48
 0662:0524 0000 C=DATA   S=_DATA          G=DGROUP  M=GETCH      ACBP=48
 0662:0524 0000 C=DATA   S=_DATA          G=DGROUP  M=GPTEXT     ACBP=48
 0662:0524 0002 C=DATA   S=_DATA          G=DGROUP  M=KBHIT      ACBP=48
 0662:0526 0000 C=DATA   S=_DATA          G=DGROUP  M=MOVETEXT   ACBP=48
 0662:0526 0000 C=DATA   S=_DATA          G=DGROUP  M=PUTCH      ACBP=48
 0662:0526 0000 C=DATA   S=_DATA          G=DGROUP  M=REALCVT    ACBP=48
 0662:0526 0000 C=DATA   S=_DATA          G=DGROUP  M=SCREEN     ACBP=48
 0662:0526 0000 C=DATA   S=_DATA          G=DGROUP  M=SCROLL     ACBP=48
 0662:0526 0000 C=DATA   S=_DATA          G=DGROUP  M=SETBLOCK   ACBP=48
 0662:0526 0000 C=DATA   S=_DATA          G=DGROUP  M=SETJMP     ACBP=48
 0662:0526 0000 C=DATA   S=_DATA          G=DGROUP  M=WHEREXY    ACBP=48
 0662:0526 0000 C=DATA   S=_DATA          G=DGROUP  M=FFLUSH     ACBP=48
 0662:0526 0000 C=DATA   S=_DATA          G=DGROUP  M=FLUSHALL   ACBP=48
 0662:0526 0000 C=DATA   S=_DATA          G=DGROUP  M=FSEEK      ACBP=48
 0662:0526 0000 C=DATA   S=_DATA          G=DGROUP  M=MEMCPY     ACBP=48
 0662:0526 0000 C=DATA   S=_DATA          G=DGROUP  M=PRINTF     ACBP=48
 0662:0526 0001 C=DATA   S=_DATA          G=DGROUP  M=PUTC       ACBP=48
 0662:0528 0004 C=DATA   S=_DATA          G=DGROUP  M=SETVBUF    ACBP=48
 0662:052C 0000 C=DATA   S=_DATA          G=DGROUP  M=SPRINTF    ACBP=48
 0662:052C 0000 C=DATA   S=_DATA          G=DGROUP  M=WRITE      ACBP=48
 0662:052C 0000 C=DATA   S=_DATA          G=DGROUP  M=WRITEA     ACBP=48
 0662:052C 0000 C=DATA   S=_DATA          G=DGROUP  M=XFFLUSH    ACBP=48
 0662:052C 0000 C=DATA   S=_CVTSEG        G=DGROUP  M=c0.ASM     ACBP=48
 0662:052C 0002 C=DATA   S=_CVTSEG        G=DGROUP  M=CVTFAK     ACBP=48
 0662:052E 0000 C=DATA   S=_CVTSEG        G=DGROUP  M=REALCVT    ACBP=48
 0662:052E 0000 C=DATA   S=_SCNSEG        G=DGROUP  M=c0.ASM     ACBP=48
 0662:052E 0006 C=DATA   S=_SCNSEG        G=DGROUP  M=CVTFAK     ACBP=48
 0662:0534 0000 C=CONST  S=_CONST         G=DGROUP  M=c0.ASM     ACBP=48
 0662:0534 0000 C=INITDATA S=_INIT_         G=DGROUP  M=c0.ASM     ACBP=48
 0662:0534 0006 C=INITDATA S=_INIT_         G=DGROUP  M=SETUPIO    ACBP=48
 0662:053A 0006 C=INITDATA S=_INIT_         G=DGROUP  M=CRTINIT    ACBP=48
 0662:0540 0000 C=INITDATA S=_INITEND_      G=DGROUP  M=c0.ASM     ACBP=28
 0662:0540 0000 C=EXITDATA S=_EXIT_         G=DGROUP  M=c0.ASM     ACBP=48
 0662:0540 0000 C=EXITDATA S=_EXITEND_      G=DGROUP  M=c0.ASM     ACBP=28
 0662:0540 0000 C=BSS    S=_BSS           G=DGROUP  M=c0.ASM     ACBP=48
 0662:0540 0C06 C=BSS    S=_BSS           G=DGROUP  M=test.c     ACBP=48
 0662:1146 0001 C=BSS    S=_BSS           G=DGROUP  M=os_cpu_c.c ACBP=48
 0662:1148 001B C=BSS    S=_BSS           G=DGROUP  M=pc.c       ACBP=48
 0662:1164 0C24 C=BSS    S=_BSS           G=DGROUP  M=ucos_ii.c  ACBP=48
 0662:1D88 0080 C=BSS    S=_BSS           G=DGROUP  M=ATEXIT     ACBP=48
 0662:1E08 0000 C=BSS    S=_BSS           G=DGROUP  M=IOERROR    ACBP=48
 0662:1E08 0000 C=BSS    S=_BSS           G=DGROUP  M=ISATTY     ACBP=48
 0662:1E08 0000 C=BSS    S=_BSS           G=DGROUP  M=LONGTOA    ACBP=48
 0662:1E08 0000 C=BSS    S=_BSS           G=DGROUP  M=LSEEK      ACBP=48
 0662:1E08 0000 C=BSS    S=_BSS           G=DGROUP  M=SETUPIO    ACBP=48
 0662:1E08 0000 C=BSS    S=_BSS           G=DGROUP  M=VPRINTER   ACBP=48
 0662:1E08 0000 C=BSS    S=_BSS           G=DGROUP  M=VRAM       ACBP=48
 0662:1E08 0000 C=BSS    S=_BSS           G=DGROUP  M=CRTINIT    ACBP=48
 0662:1E08 0000 C=BSS    S=_BSS           G=DGROUP  M=GETCH      ACBP=48
 0662:1E08 0000 C=BSS    S=_BSS           G=DGROUP  M=KBHIT      ACBP=48
 0662:1E08 0000 C=BSS    S=_BSS           G=DGROUP  M=SETBLOCK   ACBP=48
 0662:1E08 0000 C=BSS    S=_BSS           G=DGROUP  M=SETJMP     ACBP=48
 0662:1E08 0000 C=BSS    S=_BSS           G=DGROUP  M=MEMCPY     ACBP=48
 0662:1E08 0001 C=BSS    S=_BSS           G=DGROUP  M=PUTC       ACBP=48
 0662:1E0A 0000 C=BSS    S=_BSS           G=DGROUP  M=WRITEA     ACBP=48
 0662:1E0A 0000 C=BSSEND S=_BSSEND        G=DGROUP  M=c0.ASM     ACBP=28
 0843:0000 0080 C=STACK  S=_STACK         G=(none)  M=c0.ASM     ACBP=74

  Address         Publics by Name

 0662:0000 idle  DATASEG@
 0000:0291 idle  DGROUP@
 0000:0395 idle  F_LDIV@
 0000:03A4 idle  F_LMOD@
 0000:039C       F_LUDIV@
 0000:03AC idle  F_LUMOD@
 0000:0443       F_LXLSH@
 0000:0355       F_LXMUL@
 0000:0464       F_LXURSH@
 0000:0485 idle  F_PADD@
 0000:04B4 idle  F_PSUB@
 0000:0395 idle  LDIV@
 0000:03A4 idle  LMOD@
 0000:039C idle  LUDIV@
 0000:03AC idle  LUMOD@
 0000:0443 idle  LXLSH@
 0000:0355 idle  LXMUL@
 0000:0464 idle  LXURSH@
 0000:0392 idle  N_LDIV@
 0000:03A1 idle  N_LMOD@
 0000:0399 idle  N_LUDIV@
 0000:03A9 idle  N_LUMOD@
 0000:0440       N_LXLSH@
 0000:0461 idle  N_LXURSH@
 0000:0482       N_PADD@
 0000:0609       N_PCMP@
 0000:04B1 idle  N_PSUB@
 0000:0485 idle  PADD@
 0000:04B4 idle  PSUB@
 0000:027A       _abort
 0000:0295 idle  _atexit
 0000:0D90 idle  _cprintf
 0662:04E7       _directvideo
 0662:007F       _errno
 0000:031A       _exit
 0000:10B0 idle  _farfree
 0000:11C4 idle  _farmalloc
 0000:1328 idle  _farrealloc
 0000:1ABD       _fflush
 0000:1B8A       _flushall
 0000:1E09 idle  _fputc
 0000:1F9E idle  _fputchar
 0000:10B0       _free
 0000:1C4E       _fseek
 0000:1CCE idle  _ftell
 0000:14E2       _getch
 0000:14FE idle  _getche
 0000:036C       _getdate
 0000:1540       _gettext
 0000:037F       _gettime
 0000:052D       _isatty
 0000:15EC       _kbhit
 0000:1A5D       _longjmp
 0000:05E0       _lseek
 0251:000A       _main
 0000:11BA       _malloc
 0000:1DAE       _memcpy
 0000:15FE       _movetext
 0662:1D44 idle  _OSCPUUsage
 0278:0020       _OSCtxSw
 0662:1D84       _OSCtxSwCtr
 0662:1D80 idle  _OSEventFreeList
 0662:1D6C idle  _OSEventTbl
 02DA:09B5 idle  _OSFlagAccept
 02DA:0AE7 idle  _OSFlagCreate
 02DA:0B5F idle  _OSFlagDel
 0662:1D45 idle  _OSFlagFreeList
 02DA:0CA1 idle  _OSFlagPend
 02DA:0EFB idle  _OSFlagPost
 02DA:109B idle  _OSFlagQuery
 0662:1D49 idle  _OSFlagTbl
 0662:192D idle  _OSIdleCtr
 0662:1D40 idle  _OSIdleCtrMax
 0662:1D3C idle  _OSIdleCtrRun
 02DA:000B       _OSInit
 0285:0008       _OSInitHookBegin
 0285:0009       _OSInitHookEnd
 0278:005B       _OSIntCtxSw
 02DA:0043 idle  _OSIntEnter
 02DA:0056       _OSIntExit
 0662:1939 idle  _OSIntExitY
 0662:193A       _OSIntNesting
 0662:1938 idle  _OSLockNesting
 0662:00E4 idle  _OSMapTbl
 02DA:132B idle  _OSMboxAccept
 02DA:1376 idle  _OSMboxCreate
 02DA:13EB idle  _OSMboxDel
 02DA:1509 idle  _OSMboxPend
 02DA:160B idle  _OSMboxPost
 02DA:1683 idle  _OSMboxPostOpt
 02DA:1726 idle  _OSMboxQuery
 02DA:17B4 idle  _OSMemCreate
 0662:1200 idle  _OSMemFreeList
 02DA:18FF idle  _OSMemGet
 02DA:197D idle  _OSMemPut
 02DA:19ED idle  _OSMemQuery
 0662:119C idle  _OSMemTbl
 02DA:1B3A idle  _OSMutexAccept
 02DA:1BC5 idle  _OSMutexCreate
 02DA:1CAB idle  _OSMutexDel
 02DA:1E05 idle  _OSMutexPend
 02DA:1FF0 idle  _OSMutexPost
 02DA:2178 idle  _OSMutexQuery
 0662:1937       _OSPrioCur
 0662:1936       _OSPrioHighRdy
 02DA:222D idle  _OSQAccept
 02DA:22CD idle  _OSQCreate
 02DA:23F0 idle  _OSQDel
 02DA:256D idle  _OSQFlush
 0662:1198 idle  _OSQFreeList
 02DA:25C5 idle  _OSQPend
 02DA:270B idle  _OSQPost
 02DA:27D3 idle  _OSQPostFront
 02DA:2895 idle  _OSQPostOpt
 02DA:29D3 idle  _OSQQuery
 0662:1168 idle  _OSQTbl
 0662:1935 idle  _OSRdyGrp
 0662:1933 idle  _OSRdyTbl
 0662:1932       _OSRunning
 02DA:0105 idle  _OSSchedLock
 02DA:011B idle  _OSSchedUnlock
 02DA:2AF8 idle  _OSSemAccept
 02DA:2B2A       _OSSemCreate
 02DA:2B9E idle  _OSSemDel
 02DA:2CBC idle  _OSSemPend
 02DA:2D6C idle  _OSSemPost
 02DA:2DC6 idle  _OSSemQuery
 02DA:0148       _OSStart
 0278:0002       _OSStartHighRdy
 02DA:01A7       _OSStatInit
 0662:1D3B idle  _OSStatRdy
 02DA:2E4C idle  _OSTaskChangePrio
 02DA:3018       _OSTaskCreate
 02DA:30D5 idle  _OSTaskCreateExt
 0285:000A       _OSTaskCreateHook
 0662:1931 idle  _OSTaskCtr
 02DA:31C5 idle  _OSTaskDel
 0285:000F       _OSTaskDelHook
 02DA:33A4 idle  _OSTaskDelReq
 0285:0014       _OSTaskIdleHook
 0662:152D idle  _OSTaskIdleStk
 02DA:3622 idle  _OSTaskQuery
 02DA:3410 idle  _OSTaskResume
 0285:0015       _OSTaskStatHook
 0662:193B idle  _OSTaskStatStk
 02DA:348F idle  _OSTaskStkChk
 0285:0016       _OSTaskStkInit
 0285:00FC idle  _OSTaskStkInit_FPE_x86
 02DA:3574 idle  _OSTaskSuspend
 0285:01D7       _OSTaskSwHook
 0662:1529       _OSTCBCur
 0662:1525 idle  _OSTCBFreeList
 0662:1521       _OSTCBHighRdy
 0285:01D8       _OSTCBInitHook
 0662:151D idle  _OSTCBList
 0662:14E9 idle  _OSTCBPrioTbl
 0662:1204 idle  _OSTCBTbl
 0662:1146       _OSTickDOSCtr
 0278:0088       _OSTickISR
 0662:1164 idle  _OSTime
 02DA:3690       _OSTimeDly
 02DA:36D7       _OSTimeDlyHMSM
 02DA:37C6 idle  _OSTimeDlyResume
 02DA:383E       _OSTimeGet
 02DA:385D       _OSTimeSet
 02DA:01E2       _OSTimeTick
 0285:01DD       _OSTimeTickHook
 0662:00EC idle  _OSUnMapTbl
 02DA:0311 idle  _OSVersion
 02DA:0315 idle  _OS_Dummy
 02DA:0316 idle  _OS_EventTaskRdy
 02DA:03E0 idle  _OS_EventTaskWait
 02DA:044D idle  _OS_EventTO
 02DA:04A1 idle  _OS_EventWaitListInit
 02DA:11BD idle  _OS_FlagInit
 02DA:127C idle  _OS_FlagUnlink
 02DA:1A96 idle  _OS_MemInit
 02DA:2AA8 idle  _OS_QInit
 02DA:069B idle  _OS_Sched
 02DA:0731 idle  _OS_TaskIdle
 02DA:0756 idle  _OS_TaskStat
 02DA:0822 idle  _OS_TCBInit
 02A2:000E idle  _PC_DispChar
 02A2:004C idle  _PC_DispClrCol
 02A2:0092 idle  _PC_DispClrRow
 02A2:00CB       _PC_DispClrScr
 02A2:00FC idle  _PC_DispStr
 02A2:014B       _PC_DOSReturn
 02A2:015F       _PC_DOSSaveReturn
 02A2:01CD idle  _PC_ElapsedInit
 02A2:01E1 idle  _PC_ElapsedStart
 02A2:0207 idle  _PC_ElapsedStop
 02A2:0258 idle  _PC_GetDateTime
 02A2:02AB       _PC_GetKey
 02A2:02D2       _PC_SetTickRate
 0662:1148 idle  _PC_TickISR
 02A2:031F idle  _PC_VectGet
 02A2:0356       _PC_VectSet
 0000:1DD2       _printf
 0000:169B       _putch
 0000:1596       _puttext
 0662:0540 idle  _RandomSem
 0000:1321 idle  _realloc
 0000:1A0B       _setblock
 0000:1A27       _setjmp
 0000:21B5       _setvbuf
 0000:2312       _sprintf
 0251:0111 idle  _Task1
 0251:01B1 idle  _Task2
 0662:0544 idle  _TaskData
 0251:006A idle  _TaskStart
 0662:0546 idle  _TaskStartStk
 0662:0946 idle  _TaskStk
 0000:1522 idle  _ungetch
 0000:2334 idle  _vsprintf
 0000:1A9B idle  _wherex
 0000:1AAA idle  _wherey
 0000:1000 idle  __AHINCR
 0000:000C idle  __AHSHIFT
 0662:0248       __atexitcnt
 0662:1D88       __atexittbl
 0000:1418       __brk
 0662:008B       __brklvl
 0662:006B idle  __C0argc
 0662:006D idle  __C0argv
 0000:0E72 idle  __c0crtinit
 0662:0071 idle  __C0environ
 0662:0525       __cChar
 0000:033B idle  __cexit
 0662:0524       __cFlag
 0000:016A       __checknull
 0000:0157       __cleanup
 0000:0C5E       __CPUTN
 0000:0E8F idle  __crtinit
 0000:0000  Abs  __cvtfak
 0000:0349 idle  __c_exit
 0662:0410 idle  __doserrno
 0000:051B idle  __DOSERROR
 0662:0412 idle  __dosErrorToSV
 0662:0075 idle  __envLng
 0662:0077 idle  __envseg
 0662:0079 idle  __envSize
 0000:0329       __exit
 0662:024A       __exitbuf
 0662:024E idle  __exitfopen
 0662:0252 idle  __exitopen
 0000:1DED idle  __fputc
 0000:1FB2       __FPUTN
 0662:0087       __heapbase
 0662:008F       __heaptop
 0662:005B idle  __Int0Vector
 0662:005F idle  __Int4Vector
 0662:0063 idle  __Int5Vector
 0662:0067 idle  __Int6Vector
 0000:04E2       __IOERROR
 0000:053E       __LONGTOA
 0000:0293 idle  __MMODEL
 0662:03E6       __nfile
 0000:14FB idle  __Ngetche
 0000:151F idle  __Nungetch
 0662:03E8       __openfd
 0662:007D idle  __osmajor
 0662:007E idle  __osminor
 0662:007D idle  __osversion
 0662:007B       __psp
 0000:16B2       __REALCVT
 0662:052C       __RealCvtVector
 0000:01C0       __restorezero
 0000:1457       __sbrk
 0662:052E idle  __ScanTodVector
 0000:17EC       __SCREENIO
 0000:189F       __SCROLL
 0000:062A       __setupio
 0662:0081 idle  __StartTime
 0662:046C       __stklen
 0662:0256       __streams
 0000:016B       __terminate
 0000:0000 idle  __turboCrt
 0000:05C0 idle  __UTOA
 0000:1828       __VALIDATEXY
 0662:007D idle  __version
 0662:04D8       __video
 0000:0DE7       __VideoInt
 0000:06FC       __VPRINTER
 0000:0BBF       __VPTR
 0000:0BE4       __VRAM
 0000:1A91       __wherexy
 0000:24A6       __write
 0662:04D6       __wscroll
 0000:24E2       __xfflush
 0662:0085 idle  ___brklvl
 0000:0F70 idle  ___first
 0000:0F72 idle  ___last
 0000:0F74 idle  ___rover
 0000:2355       ___write

  Address         Publics by Value

 0000:0000 idle  __turboCrt
 0000:0000  Abs  __cvtfak
 0000:000C idle  __AHSHIFT
 0000:0157       __cleanup
 0000:016A       __checknull
 0000:016B       __terminate
 0000:01C0       __restorezero
 0000:027A       _abort
 0000:0291 idle  DGROUP@
 0000:0293 idle  __MMODEL
 0000:0295 idle  _atexit
 0000:031A       _exit
 0000:0329       __exit
 0000:033B idle  __cexit
 0000:0349 idle  __c_exit
 0000:0355       F_LXMUL@
 0000:0355 idle  LXMUL@
 0000:036C       _getdate
 0000:037F       _gettime
 0000:0392 idle  N_LDIV@
 0000:0395 idle  LDIV@
 0000:0395 idle  F_LDIV@
 0000:0399 idle  N_LUDIV@
 0000:039C       F_LUDIV@
 0000:039C idle  LUDIV@
 0000:03A1 idle  N_LMOD@
 0000:03A4 idle  F_LMOD@
 0000:03A4 idle  LMOD@
 0000:03A9 idle  N_LUMOD@
 0000:03AC idle  LUMOD@
 0000:03AC idle  F_LUMOD@
 0000:0440       N_LXLSH@
 0000:0443       F_LXLSH@
 0000:0443 idle  LXLSH@
 0000:0461 idle  N_LXURSH@
 0000:0464       F_LXURSH@
 0000:0464 idle  LXURSH@
 0000:0482       N_PADD@
 0000:0485 idle  F_PADD@
 0000:0485 idle  PADD@
 0000:04B1 idle  N_PSUB@
 0000:04B4 idle  F_PSUB@
 0000:04B4 idle  PSUB@
 0000:04E2       __IOERROR
 0000:051B idle  __DOSERROR
 0000:052D       _isatty
 0000:053E       __LONGTOA
 0000:05C0 idle  __UTOA
 0000:05E0       _lseek
 0000:0609       N_PCMP@
 0000:062A       __setupio
 0000:06FC       __VPRINTER
 0000:0BBF       __VPTR
 0000:0BE4       __VRAM
 0000:0C5E       __CPUTN
 0000:0D90 idle  _cprintf
 0000:0DE7       __VideoInt
 0000:0E72 idle  __c0crtinit
 0000:0E8F idle  __crtinit
 0000:0F70 idle  ___first
 0000:0F72 idle  ___last
 0000:0F74 idle  ___rover
 0000:1000 idle  __AHINCR
 0000:10B0       _free
 0000:10B0 idle  _farfree
 0000:11BA       _malloc
 0000:11C4 idle  _farmalloc
 0000:1321 idle  _realloc
 0000:1328 idle  _farrealloc
 0000:1418       __brk
 0000:1457       __sbrk
 0000:14E2       _getch
 0000:14FB idle  __Ngetche
 0000:14FE idle  _getche
 0000:151F idle  __Nungetch
 0000:1522 idle  _ungetch
 0000:1540       _gettext
 0000:1596       _puttext
 0000:15EC       _kbhit
 0000:15FE       _movetext
 0000:169B       _putch
 0000:16B2       __REALCVT
 0000:17EC       __SCREENIO
 0000:1828       __VALIDATEXY
 0000:189F       __SCROLL
 0000:1A0B       _setblock
 0000:1A27       _setjmp
 0000:1A5D       _longjmp
 0000:1A91       __wherexy
 0000:1A9B idle  _wherex
 0000:1AAA idle  _wherey
 0000:1ABD       _fflush
 0000:1B8A       _flushall
 0000:1C4E       _fseek
 0000:1CCE idle  _ftell
 0000:1DAE       _memcpy
 0000:1DD2       _printf
 0000:1DED idle  __fputc
 0000:1E09 idle  _fputc
 0000:1F9E idle  _fputchar
 0000:1FB2       __FPUTN
 0000:21B5       _setvbuf
 0000:2312       _sprintf
 0000:2334 idle  _vsprintf
 0000:2355       ___write
 0000:24A6       __write
 0000:24E2       __xfflush
 0251:000A       _main
 0251:006A idle  _TaskStart
 0251:0111 idle  _Task1
 0251:01B1 idle  _Task2
 0278:0002       _OSStartHighRdy
 0278:0020       _OSCtxSw
 0278:005B       _OSIntCtxSw
 0278:0088       _OSTickISR
 0285:0008       _OSInitHookBegin
 0285:0009       _OSInitHookEnd
 0285:000A       _OSTaskCreateHook
 0285:000F       _OSTaskDelHook
 0285:0014       _OSTaskIdleHook
 0285:0015       _OSTaskStatHook
 0285:0016       _OSTaskStkInit
 0285:00FC idle  _OSTaskStkInit_FPE_x86
 0285:01D7       _OSTaskSwHook
 0285:01D8       _OSTCBInitHook
 0285:01DD       _OSTimeTickHook
 02A2:000E idle  _PC_DispChar
 02A2:004C idle  _PC_DispClrCol
 02A2:0092 idle  _PC_DispClrRow
 02A2:00CB       _PC_DispClrScr
 02A2:00FC idle  _PC_DispStr
 02A2:014B       _PC_DOSReturn
 02A2:015F       _PC_DOSSaveReturn
 02A2:01CD idle  _PC_ElapsedInit
 02A2:01E1 idle  _PC_ElapsedStart
 02A2:0207 idle  _PC_ElapsedStop
 02A2:0258 idle  _PC_GetDateTime
 02A2:02AB       _PC_GetKey
 02A2:02D2       _PC_SetTickRate
 02A2:031F idle  _PC_VectGet
 02A2:0356       _PC_VectSet
 02DA:000B       _OSInit
 02DA:0043 idle  _OSIntEnter
 02DA:0056       _OSIntExit
 02DA:0105 idle  _OSSchedLock
 02DA:011B idle  _OSSchedUnlock
 02DA:0148       _OSStart
 02DA:01A7       _OSStatInit
 02DA:01E2       _OSTimeTick
 02DA:0311 idle  _OSVersion
 02DA:0315 idle  _OS_Dummy
 02DA:0316 idle  _OS_EventTaskRdy
 02DA:03E0 idle  _OS_EventTaskWait
 02DA:044D idle  _OS_EventTO
 02DA:04A1 idle  _OS_EventWaitListInit
 02DA:069B idle  _OS_Sched
 02DA:0731 idle  _OS_TaskIdle
 02DA:0756 idle  _OS_TaskStat
 02DA:0822 idle  _OS_TCBInit
 02DA:09B5 idle  _OSFlagAccept
 02DA:0AE7 idle  _OSFlagCreate
 02DA:0B5F idle  _OSFlagDel
 02DA:0CA1 idle  _OSFlagPend
 02DA:0EFB idle  _OSFlagPost
 02DA:109B idle  _OSFlagQuery
 02DA:11BD idle  _OS_FlagInit
 02DA:127C idle  _OS_FlagUnlink
 02DA:132B idle  _OSMboxAccept
 02DA:1376 idle  _OSMboxCreate
 02DA:13EB idle  _OSMboxDel
 02DA:1509 idle  _OSMboxPend
 02DA:160B idle  _OSMboxPost
 02DA:1683 idle  _OSMboxPostOpt
 02DA:1726 idle  _OSMboxQuery
 02DA:17B4 idle  _OSMemCreate
 02DA:18FF idle  _OSMemGet
 02DA:197D idle  _OSMemPut
 02DA:19ED idle  _OSMemQuery
 02DA:1A96 idle  _OS_MemInit
 02DA:1B3A idle  _OSMutexAccept
 02DA:1BC5 idle  _OSMutexCreate
 02DA:1CAB idle  _OSMutexDel
 02DA:1E05 idle  _OSMutexPend
 02DA:1FF0 idle  _OSMutexPost
 02DA:2178 idle  _OSMutexQuery
 02DA:222D idle  _OSQAccept
 02DA:22CD idle  _OSQCreate
 02DA:23F0 idle  _OSQDel
 02DA:256D idle  _OSQFlush
 02DA:25C5 idle  _OSQPend
 02DA:270B idle  _OSQPost
 02DA:27D3 idle  _OSQPostFront
 02DA:2895 idle  _OSQPostOpt
 02DA:29D3 idle  _OSQQuery
 02DA:2AA8 idle  _OS_QInit
 02DA:2AF8 idle  _OSSemAccept
 02DA:2B2A       _OSSemCreate
 02DA:2B9E idle  _OSSemDel
 02DA:2CBC idle  _OSSemPend
 02DA:2D6C idle  _OSSemPost
 02DA:2DC6 idle  _OSSemQuery
 02DA:2E4C idle  _OSTaskChangePrio
 02DA:3018       _OSTaskCreate
 02DA:30D5 idle  _OSTaskCreateExt
 02DA:31C5 idle  _OSTaskDel
 02DA:33A4 idle  _OSTaskDelReq
 02DA:3410 idle  _OSTaskResume
 02DA:348F idle  _OSTaskStkChk
 02DA:3574 idle  _OSTaskSuspend
 02DA:3622 idle  _OSTaskQuery
 02DA:3690       _OSTimeDly
 02DA:36D7       _OSTimeDlyHMSM
 02DA:37C6 idle  _OSTimeDlyResume
 02DA:383E       _OSTimeGet
 02DA:385D       _OSTimeSet
 0662:0000 idle  DATASEG@
 0662:005B idle  __Int0Vector
 0662:005F idle  __Int4Vector
 0662:0063 idle  __Int5Vector
 0662:0067 idle  __Int6Vector
 0662:006B idle  __C0argc
 0662:006D idle  __C0argv
 0662:0071 idle  __C0environ
 0662:0075 idle  __envLng
 0662:0077 idle  __envseg
 0662:0079 idle  __envSize
 0662:007B       __psp
 0662:007D idle  __osversion
 0662:007D idle  __osmajor
 0662:007D idle  __version
 0662:007E idle  __osminor
 0662:007F       _errno
 0662:0081 idle  __StartTime
 0662:0085 idle  ___brklvl
 0662:0087       __heapbase
 0662:008B       __brklvl
 0662:008F       __heaptop
 0662:00E4 idle  _OSMapTbl
 0662:00EC idle  _OSUnMapTbl
 0662:0248       __atexitcnt
 0662:024A       __exitbuf
 0662:024E idle  __exitfopen
 0662:0252 idle  __exitopen
 0662:0256       __streams
 0662:03E6       __nfile
 0662:03E8       __openfd
 0662:0410 idle  __doserrno
 0662:0412 idle  __dosErrorToSV
 0662:046C       __stklen
 0662:04D6       __wscroll
 0662:04D8       __video
 0662:04E7       _directvideo
 0662:0524       __cFlag
 0662:0525       __cChar
 0662:052C       __RealCvtVector
 0662:052E idle  __ScanTodVector
 0662:0540 idle  _RandomSem
 0662:0544 idle  _TaskData
 0662:0546 idle  _TaskStartStk
 0662:0946 idle  _TaskStk
 0662:1146       _OSTickDOSCtr
 0662:1148 idle  _PC_TickISR
 0662:1164 idle  _OSTime
 0662:1168 idle  _OSQTbl
 0662:1198 idle  _OSQFreeList
 0662:119C idle  _OSMemTbl
 0662:1200 idle  _OSMemFreeList
 0662:1204 idle  _OSTCBTbl
 0662:14E9 idle  _OSTCBPrioTbl
 0662:151D idle  _OSTCBList
 0662:1521       _OSTCBHighRdy
 0662:1525 idle  _OSTCBFreeList
 0662:1529       _OSTCBCur
 0662:152D idle  _OSTaskIdleStk
 0662:192D idle  _OSIdleCtr
 0662:1931 idle  _OSTaskCtr
 0662:1932       _OSRunning
 0662:1933 idle  _OSRdyTbl
 0662:1935 idle  _OSRdyGrp
 0662:1936       _OSPrioHighRdy
 0662:1937       _OSPrioCur
 0662:1938 idle  _OSLockNesting
 0662:1939 idle  _OSIntExitY
 0662:193A       _OSIntNesting
 0662:193B idle  _OSTaskStatStk
 0662:1D3B idle  _OSStatRdy
 0662:1D3C idle  _OSIdleCtrRun
 0662:1D40 idle  _OSIdleCtrMax
 0662:1D44 idle  _OSCPUUsage
 0662:1D45 idle  _OSFlagFreeList
 0662:1D49 idle  _OSFlagTbl
 0662:1D6C idle  _OSEventTbl
 0662:1D80 idle  _OSEventFreeList
 0662:1D84       _OSCtxSwCtr
 0662:1D88       __atexittbl

Program entry point at 0000:0000

